// Jest Snapshot v1, https://goo.gl/fbAQLP

exports[`GEL Utils should parse sample GEL output 1`] = `
Array [
  Object {
    "fields": Array [
      Object {
        "config": Object {},
        "name": "Time",
        "type": "time",
        "values": Array [
          1568390765000,
          1568390770000,
          1568390775000,
          1568390780000,
          1568390785000,
          1568390790000,
          1568390795000,
        ],
      },
      Object {
        "config": Object {},
        "name": "GB-series",
        "type": "number",
        "values": Array [
          2,
          2,
          0,
          0,
          0,
          2,
          2,
        ],
      },
    ],
    "labels": undefined,
    "meta": undefined,
    "name": "BBB",
    "refId": "GB",
  },
  Object {
    "fields": Array [
      Object {
        "config": Object {},
        "name": "Time",
        "type": "time",
        "values": Array [
          1568390765000,
          1568390770000,
          1568390775000,
          1568390780000,
          1568390785000,
          1568390790000,
          1568390795000,
        ],
      },
      Object {
        "config": Object {},
        "name": "Field 2",
        "type": "number",
        "values": Array [
          5,
          5,
          3,
          3,
          3,
          5,
          5,
        ],
      },
    ],
    "labels": undefined,
    "meta": undefined,
    "name": "CCC",
    "refId": "GC",
  },
]
`;
